train_sources=12 validation_sources=4 train_views=48 model=2.15M text_dim=512 amp=True
{"step": 100, "loss": 1.9887624990940094, "feature_loss": 1.9887624990940094, "render_updates": 0, "gradient_norm": 2.3048830032348633, "lr": 8.333333333333334e-05, "seconds_per_step": 0.04794774770736694, "render_loss": null, "render_rgb": null, "render_edge": null, "render_chroma": null, "render_structure": null}
{"step": 200, "loss": 1.8857583940029143, "feature_loss": 1.8857583940029143, "render_updates": 0, "gradient_norm": 1.4721691608428955, "lr": 0.0001666666666666667, "seconds_per_step": 0.043942887783050534, "render_loss": null, "render_rgb": null, "render_edge": null, "render_chroma": null, "render_structure": null}
{"step": 300, "loss": 1.826509062051773, "feature_loss": 1.826509062051773, "render_updates": 0, "gradient_norm": 1.786511778831482, "lr": 0.00025, "seconds_per_step": 0.043997380733489994, "render_loss": null, "render_rgb": null, "render_edge": null, "render_chroma": null, "render_structure": null}
{"step": 400, "loss": 1.7534113311767578, "feature_loss": 1.7534113311767578, "render_updates": 0, "gradient_norm": 1.2654013633728027, "lr": 0.0003333333333333334, "seconds_per_step": 0.04410620212554932, "render_loss": null, "render_rgb": null, "render_edge": null, "render_chroma": null, "render_structure": null}
{"step": 500, "loss": 1.6913431572914124, "feature_loss": 1.6913431572914124, "render_updates": 0, "gradient_norm": 1.733302116394043, "lr": 0.0004166666666666667, "seconds_per_step": 0.04424965143203735, "render_loss": null, "render_rgb": null, "render_edge": null, "render_chroma": null, "render_structure": null}
{"step": 600, "loss": 1.6330872642993928, "feature_loss": 1.6330872642993928, "render_updates": 0, "gradient_norm": 0.8992419838905334, "lr": 0.0005, "seconds_per_step": 0.04400424480438232, "render_loss": null, "render_rgb": null, "render_edge": null, "render_chroma": null, "render_structure": null}
{"step": 700, "loss": 1.574302145242691, "feature_loss": 1.574302145242691, "render_updates": 0, "gradient_norm": 1.1957868337631226, "lr": 0.0004999145690806141, "seconds_per_step": 0.04414358615875244, "render_loss": null, "render_rgb": null, "render_edge": null, "render_chroma": null, "render_structure": null}
{"step": 800, "loss": 1.4921000981330872, "feature_loss": 1.4921000981330872, "render_updates": 0, "gradient_norm": 1.2244130373001099, "lr": 0.0004996583411974962, "seconds_per_step": 0.04454524278640747, "render_loss": null, "render_rgb": null, "render_edge": null, "render_chroma": null, "render_structure": null}
{"step": 900, "loss": 1.4674422585964202, "feature_loss": 1.4674422585964202, "render_updates": 0, "gradient_norm": 1.0613840818405151, "lr": 0.0004992315109265007, "seconds_per_step": 0.04416198492050171, "render_loss": null, "render_rgb": null, "render_edge": null, "render_chroma": null, "render_structure": null}
{"step": 1000, "loss": 1.4217281138896942, "feature_loss": 1.4217281138896942, "render_updates": 0, "gradient_norm": 1.420165777206421, "lr": 0.0004986344023965386, "seconds_per_step": 0.044757652282714847, "render_loss": null, "render_rgb": null, "render_edge": null, "render_chroma": null, "render_structure": null}
{"step": 1100, "loss": 1.3995284163951873, "feature_loss": 1.3995284163951873, "render_updates": 0, "gradient_norm": 0.7374277710914612, "lr": 0.0004978674690434382, "seconds_per_step": 0.044251022338867185, "render_loss": null, "render_rgb": null, "render_edge": null, "render_chroma": null, "render_structure": null}
{"step": 1200, "loss": 1.3810632693767548, "feature_loss": 1.3810632693767548, "render_updates": 0, "gradient_norm": 1.614203691482544, "lr": 0.0004969312932656126, "seconds_per_step": 0.04426942825317383, "render_loss": null, "render_rgb": null, "render_edge": null, "render_chroma": null, "render_structure": null}
{"step": 1300, "loss": 1.3537044894695283, "feature_loss": 1.3537044894695283, "render_updates": 0, "gradient_norm": 1.058080792427063, "lr": 0.000495826585981794, "seconds_per_step": 0.04417339563369751, "render_loss": null, "render_rgb": null, "render_edge": null, "render_chroma": null, "render_structure": null}
{"step": 1400, "loss": 1.3321618449687957, "feature_loss": 1.3321618449687957, "render_updates": 0, "gradient_norm": 0.5438753962516785, "lr": 0.000494554186091173, "seconds_per_step": 0.0443144416809082, "render_loss": null, "render_rgb": null, "render_edge": null, "render_chroma": null, "render_structure": null}
{"step": 1500, "loss": 1.3198189997673035, "feature_loss": 1.3198189997673035, "render_updates": 0, "gradient_norm": 1.3348872661590576, "lr": 0.0004931150598363493, "seconds_per_step": 0.04423710584640503, "render_loss": null, "render_rgb": null, "render_edge": null, "render_chroma": null, "render_structure": null}
{"step": 1600, "loss": 1.3091005086898804, "feature_loss": 1.3091005086898804, "render_updates": 0, "gradient_norm": 0.6595314145088196, "lr": 0.0004915103000695813, "seconds_per_step": 0.044646761417388915, "render_loss": null, "render_rgb": null, "render_edge": null, "render_chroma": null, "render_structure": null}
{"step": 1700, "loss": 1.2686505424976349, "feature_loss": 1.2686505424976349, "render_updates": 0, "gradient_norm": 0.7249244451522827, "lr": 0.0004897411254228892, "seconds_per_step": 0.044532744884490966, "render_loss": null, "render_rgb": null, "render_edge": null, "render_chroma": null, "render_structure": null}
{"step": 1800, "loss": 1.28638574719429, "feature_loss": 1.28638574719429, "render_updates": 0, "gradient_norm": 0.7505947947502136, "lr": 0.00048780887938264277, "seconds_per_step": 0.04458271980285645, "render_loss": null, "render_rgb": null, "render_edge": null, "render_chroma": null, "render_structure": null}
{"step": 1900, "loss": 1.2385686165094376, "feature_loss": 1.2385686165094376, "render_updates": 0, "gradient_norm": 0.9580217599868774, "lr": 0.0004857150292693373, "seconds_per_step": 0.04456331491470337, "render_loss": null, "render_rgb": null, "render_edge": null, "render_chroma": null, "render_structure": null}
{"step": 2000, "loss": 1.2603854542970658, "feature_loss": 1.2603854542970658, "render_updates": 0, "gradient_norm": 0.9207316040992737, "lr": 0.0004834611651233304, "seconds_per_step": 0.044542398452758786, "render_loss": null, "render_rgb": null, "render_edge": null, "render_chroma": null, "render_structure": null}
{"step": 2000, "evaluation": {"validation_views": 16, "full_context": {"correct": 1.4839367419481277, "shuffled": 1.4855636060237885, "null": 1.4853161945939064}, "text_only": {"correct": 1.4739908576011658, "shuffled": 1.4755253791809082, "null": 1.475719392299652}}}
{"step": 2100, "loss": 1.2242803812026977, "feature_loss": 1.2242803812026977, "render_updates": 0, "gradient_norm": 0.6824411153793335, "lr": 0.00048104899849738794, "seconds_per_step": 0.07303771018981933, "render_loss": null, "render_rgb": null, "render_edge": null, "render_chroma": null, "render_structure": null}
{"step": 2200, "loss": 1.2255979055166244, "feature_loss": 1.2255979055166244, "render_updates": 0, "gradient_norm": 0.6965798139572144, "lr": 0.00047848036115695497, "seconds_per_step": 0.0445737886428833, "render_loss": null, "render_rgb": null, "render_edge": null, "render_chroma": null, "render_structure": null}
{"step": 2300, "loss": 1.1799563467502594, "feature_loss": 1.1799563467502594, "render_updates": 0, "gradient_norm": 0.8208064436912537, "lr": 0.0004757572036891387, "seconds_per_step": 0.04459182500839234, "render_loss": null, "render_rgb": null, "render_edge": null, "render_chroma": null, "render_structure": null}
{"step": 2400, "loss": 1.1914437770843507, "feature_loss": 1.1914437770843507, "render_updates": 0, "gradient_norm": 0.7057134509086609, "lr": 0.00047288159402146003, "seconds_per_step": 0.04466807842254639, "render_loss": null, "render_rgb": null, "render_edge": null, "render_chroma": null, "render_structure": null}
{"step": 2500, "loss": 1.1896938377618789, "feature_loss": 1.1896938377618789, "render_updates": 0, "gradient_norm": 0.5890378952026367, "lr": 0.0004698557158514987, "seconds_per_step": 0.044319467544555666, "render_loss": null, "render_rgb": null, "render_edge": null, "render_chroma": null, "render_structure": null}
{"step": 2600, "loss": 1.1808828669786453, "feature_loss": 1.1808828669786453, "render_updates": 0, "gradient_norm": 0.8542147874832153, "lr": 0.00046668186698862357, "seconds_per_step": 0.04486135244369507, "render_loss": null, "render_rgb": null, "render_edge": null, "render_chroma": null, "render_structure": null}
{"step": 2700, "loss": 1.1746673065423965, "feature_loss": 1.1746673065423965, "render_updates": 0, "gradient_norm": 1.320530652999878, "lr": 0.0004633624576090689, "seconds_per_step": 0.04469462871551513, "render_loss": null, "render_rgb": null, "render_edge": null, "render_chroma": null, "render_structure": null}
{"step": 2800, "loss": 1.1682868134975433, "feature_loss": 1.1682868134975433, "render_updates": 0, "gradient_norm": 0.7260783314704895, "lr": 0.00045990000842568014, "seconds_per_step": 0.04470486879348755, "render_loss": null, "render_rgb": null, "render_edge": null, "render_chroma": null, "render_structure": null}
{"step": 2900, "loss": 1.1789173871278762, "feature_loss": 1.1789173871278762, "render_updates": 0, "gradient_norm": 0.49434608221054077, "lr": 0.00045629714877372016, "seconds_per_step": 0.04484769105911255, "render_loss": null, "render_rgb": null, "render_edge": null, "render_chroma": null, "render_structure": null}
{"step": 3000, "loss": 1.1489342111349106, "feature_loss": 1.1489342111349106, "render_updates": 0, "gradient_norm": 0.7916987538337708, "lr": 0.00045255661461418854, "seconds_per_step": 0.04475216627120972, "render_loss": null, "render_rgb": null, "render_edge": null, "render_chroma": null, "render_structure": null}
{"step": 3100, "loss": 1.1486097121238708, "feature_loss": 1.1486097121238708, "render_updates": 0, "gradient_norm": 0.7154120802879333, "lr": 0.0004486812464561722, "seconds_per_step": 0.044625229835510254, "render_loss": null, "render_rgb": null, "render_edge": null, "render_chroma": null, "render_structure": null}
{"step": 3200, "loss": 1.1423160529136658, "feature_loss": 1.1423160529136658, "render_updates": 0, "gradient_norm": 0.652243971824646, "lr": 0.0004446739871998017, "seconds_per_step": 0.04472589731216431, "render_loss": null, "render_rgb": null, "render_edge": null, "render_chroma": null, "render_structure": null}
{"step": 3300, "loss": 1.1373732936382295, "feature_loss": 1.1373732936382295, "render_updates": 0, "gradient_norm": 0.41992640495300293, "lr": 0.00044053787990145466, "seconds_per_step": 0.044820873737335204, "render_loss": null, "render_rgb": null, "render_edge": null, "render_chroma": null, "render_structure": null}
{"step": 3400, "loss": 1.160259644985199, "feature_loss": 1.160259644985199, "render_updates": 0, "gradient_norm": 1.0363129377365112, "lr": 0.0004362760654629016, "seconds_per_step": 0.044932000637054444, "render_loss": null, "render_rgb": null, "render_edge": null, "render_chroma": null, "render_structure": null}
{"step": 3500, "loss": 1.1538507848978043, "feature_loss": 1.1538507848978043, "render_updates": 0, "gradient_norm": 0.7446973323822021, "lr": 0.00043189178024614894, "seconds_per_step": 0.044739151000976564, "render_loss": null, "render_rgb": null, "render_edge": null, "render_chroma": null, "render_structure": null}
{"step": 3600, "loss": 1.1437143790721893, "feature_loss": 1.1437143790721893, "render_updates": 0, "gradient_norm": 0.4929993152618408, "lr": 0.00042738835361579177, "seconds_per_step": 0.044786703586578366, "render_loss": null, "render_rgb": null, "render_edge": null, "render_chroma": null, "render_structure": null}
{"step": 3700, "loss": 1.1219813930988312, "feature_loss": 1.1219813930988312, "render_updates": 0, "gradient_norm": 0.6296969056129456, "lr": 0.00042276920541074026, "seconds_per_step": 0.04480562925338745, "render_loss": null, "render_rgb": null, "render_edge": null, "render_chroma": null, "render_structure": null}
{"step": 3800, "loss": 1.1303148901462554, "feature_loss": 1.1303148901462554, "render_updates": 0, "gradient_norm": 0.42506876587867737, "lr": 0.00041803784334724285, "seconds_per_step": 0.04466570377349854, "render_loss": null, "render_rgb": null, "render_edge": null, "render_chroma": null, "render_structure": null}
{"step": 3900, "loss": 1.129261462688446, "feature_loss": 1.129261462688446, "render_updates": 0, "gradient_norm": 0.6146523356437683, "lr": 0.0004131978603551753, "seconds_per_step": 0.044808688163757326, "render_loss": null, "render_rgb": null, "render_edge": null, "render_chroma": null, "render_structure": null}
{"step": 4000, "loss": 1.1258784848451615, "feature_loss": 1.1258784848451615, "render_updates": 0, "gradient_norm": 0.6467534303665161, "lr": 0.00040825293184962053, "seconds_per_step": 0.044758143424987795, "render_loss": null, "render_rgb": null, "render_edge": null, "render_chroma": null, "render_structure": null}
{"step": 4000, "evaluation": {"validation_views": 16, "full_context": {"correct": 1.323284536600113, "shuffled": 1.3241252079606056, "null": 1.3215044364333153}, "text_only": {"correct": 1.3323801159858704, "shuffled": 1.3339054808020592, "null": 1.3307861313223839}}}
{"step": 4100, "loss": 1.1334377485513687, "feature_loss": 1.1334377485513687, "render_updates": 0, "gradient_norm": 0.3305821120738983, "lr": 0.0004032068129398099, "seconds_per_step": 0.07322269916534424, "render_loss": null, "render_rgb": null, "render_edge": null, "render_chroma": null, "render_structure": null}
{"step": 4200, "loss": 1.1203335893154145, "feature_loss": 1.1203335893154145, "render_updates": 0, "gradient_norm": 0.6443524360656738, "lr": 0.0003980633355775461, "seconds_per_step": 0.044805750846862794, "render_loss": null, "render_rgb": null, "render_edge": null, "render_chroma": null, "render_structure": null}
{"step": 4300, "loss": 1.1097973239421846, "feature_loss": 1.1097973239421846, "render_updates": 0, "gradient_norm": 0.3993035852909088, "lr": 0.0003928264056472726, "seconds_per_step": 0.04466178417205811, "render_loss": null, "render_rgb": null, "render_edge": null, "render_chroma": null, "render_structure": null}
{"step": 4400, "loss": 1.09718681037426, "feature_loss": 1.09718681037426, "render_updates": 0, "gradient_norm": 0.43022820353507996, "lr": 0.00038750000000000004, "seconds_per_step": 0.04458998680114746, "render_loss": null, "render_rgb": null, "render_edge": null, "render_chroma": null, "render_structure": null}
{"step": 4500, "loss": 1.1222901058197021, "feature_loss": 1.1222901058197021, "render_updates": 0, "gradient_norm": 0.5305529832839966, "lr": 0.00038208816343334156, "seconds_per_step": 0.04468520402908325, "render_loss": null, "render_rgb": null, "render_edge": null, "render_chroma": null, "render_structure": null}
{"step": 4600, "loss": 1.0943995541334153, "feature_loss": 1.0943995541334153, "render_updates": 0, "gradient_norm": 0.9371067881584167, "lr": 0.0003765950056199501, "seconds_per_step": 0.04483412504196167, "render_loss": null, "render_rgb": null, "render_edge": null, "render_chroma": null, "render_structure": null}
{"step": 4700, "loss": 1.1014187800884248, "feature_loss": 1.1014187800884248, "render_updates": 0, "gradient_norm": 0.3848661482334137, "lr": 0.0003710246979866908, "seconds_per_step": 0.04464088439941406, "render_loss": null, "render_rgb": null, "render_edge": null, "render_chroma": null, "render_structure": null}
{"step": 4800, "loss": 1.0886464434862138, "feature_loss": 1.0886464434862138, "render_updates": 0, "gradient_norm": 0.8635729551315308, "lr": 0.0003653814705469182, "seconds_per_step": 0.044739439487457275, "render_loss": null, "render_rgb": null, "render_edge": null, "render_chroma": null, "render_structure": null}
{"step": 4900, "loss": 1.11380200445652, "feature_loss": 1.11380200445652, "render_updates": 0, "gradient_norm": 0.8328112363815308, "lr": 0.00035966960868826306, "seconds_per_step": 0.04476545333862305, "render_loss": null, "render_rgb": null, "render_edge": null, "render_chroma": null, "render_structure": null}
{"step": 5000, "loss": 1.105320582985878, "feature_loss": 1.105320582985878, "render_updates": 0, "gradient_norm": 0.44423383474349976, "lr": 0.00035389344991836974, "seconds_per_step": 0.04506598949432373, "render_loss": null, "render_rgb": null, "render_edge": null, "render_chroma": null, "render_structure": null}
{"step": 5100, "loss": 1.0987701493501663, "feature_loss": 1.0987701493501663, "render_updates": 0, "gradient_norm": 0.6706376671791077, "lr": 0.0003480573805710538, "seconds_per_step": 0.044629173278808595, "render_loss": null, "render_rgb": null, "render_edge": null, "render_chroma": null, "render_structure": null}
{"step": 5200, "loss": 1.097917942404747, "feature_loss": 1.097917942404747, "render_updates": 0, "gradient_norm": 0.4996510148048401, "lr": 0.0003421658324753813, "seconds_per_step": 0.04470874547958374, "render_loss": null, "render_rgb": null, "render_edge": null, "render_chroma": null, "render_structure": null}
{"step": 5300, "loss": 1.0878578615188599, "feature_loss": 1.0878578615188599, "render_updates": 0, "gradient_norm": 0.41610097885131836, "lr": 0.0003362232795902004, "seconds_per_step": 0.04495021104812622, "render_loss": null, "render_rgb": null, "render_edge": null, "render_chroma": null, "render_structure": null}
{"step": 5400, "loss": 1.0843927294015885, "feature_loss": 1.0843927294015885, "render_updates": 0, "gradient_norm": 0.38648882508277893, "lr": 0.00033023423460667984, "seconds_per_step": 0.04472555160522461, "render_loss": null, "render_rgb": null, "render_edge": null, "render_chroma": null, "render_structure": null}
{"step": 5500, "loss": 1.0841248297691346, "feature_loss": 1.0841248297691346, "render_updates": 0, "gradient_norm": 0.4740275740623474, "lr": 0.0003242032455214346, "seconds_per_step": 0.044670028686523436, "render_loss": null, "render_rgb": null, "render_edge": null, "render_chroma": null, "render_structure": null}
{"step": 5600, "loss": 1.0952681809663773, "feature_loss": 1.0952681809663773, "render_updates": 0, "gradient_norm": 0.639632523059845, "lr": 0.00031813489218284114, "seconds_per_step": 0.044723331928253174, "render_loss": null, "render_rgb": null, "render_edge": null, "render_chroma": null, "render_structure": null}
{"step": 5700, "loss": 1.0753464823961258, "feature_loss": 1.0753464823961258, "render_updates": 0, "gradient_norm": 0.7849567532539368, "lr": 0.0003120337828131651, "seconds_per_step": 0.04476130485534668, "render_loss": null, "render_rgb": null, "render_edge": null, "render_chroma": null, "render_structure": null}
{"step": 5800, "loss": 1.0785608065128327, "feature_loss": 1.0785608065128327, "render_updates": 0, "gradient_norm": 0.6662055253982544, "lr": 0.00030590455050914187, "seconds_per_step": 0.044698333740234374, "render_loss": null, "render_rgb": null, "render_edge": null, "render_chroma": null, "render_structure": null}
{"step": 5900, "loss": 1.0784482246637344, "feature_loss": 1.0784482246637344, "render_updates": 0, "gradient_norm": 0.48111212253570557, "lr": 0.00029975184972366785, "seconds_per_step": 0.04482858657836914, "render_loss": null, "render_rgb": null, "render_edge": null, "render_chroma": null, "render_structure": null}
{"step": 6000, "loss": 1.083443385362625, "feature_loss": 1.083443385362625, "render_updates": 0, "gradient_norm": 0.8250904679298401, "lr": 0.0002935803527312748, "seconds_per_step": 0.044935433864593505, "render_loss": null, "render_rgb": null, "render_edge": null, "render_chroma": null, "render_structure": null}
{"step": 6000, "evaluation": {"validation_views": 16, "full_context": {"correct": 1.2602453157305717, "shuffled": 1.26222375780344, "null": 1.2597469091415405}, "text_only": {"correct": 1.2703700587153435, "shuffled": 1.2728224620223045, "null": 1.270732894539833}}}
{"step": 6100, "loss": 1.0789630961418153, "feature_loss": 1.0789630961418153, "render_updates": 0, "gradient_norm": 0.7627747058868408, "lr": 0.00028739474608006975, "seconds_per_step": 0.07312892198562622, "render_loss": null, "render_rgb": null, "render_edge": null, "render_chroma": null, "render_structure": null}
{"step": 6200, "loss": 1.0841059923171996, "feature_loss": 1.0841059923171996, "render_updates": 0, "gradient_norm": 0.7437334060668945, "lr": 0.0002811997270328365, "seconds_per_step": 0.04507718563079834, "render_loss": null, "render_rgb": null, "render_edge": null, "render_chroma": null, "render_structure": null}
{"step": 6300, "loss": 1.0786110496520995, "feature_loss": 1.0786110496520995, "render_updates": 0, "gradient_norm": 0.2831621766090393, "lr": 0.000275, "seconds_per_step": 0.044663870334625246, "render_loss": null, "render_rgb": null, "render_edge": null, "render_chroma": null, "render_structure": null}
{"step": 6400, "loss": 1.0690152686834336, "feature_loss": 1.0690152686834336, "render_updates": 0, "gradient_norm": 0.8802415132522583, "lr": 0.0002688002729671636, "seconds_per_step": 0.044777405261993405, "render_loss": null, "render_rgb": null, "render_edge": null, "render_chroma": null, "render_structure": null}
{"step": 6500, "loss": 1.0641500800848007, "feature_loss": 1.0641500800848007, "render_updates": 0, "gradient_norm": 0.31383129954338074, "lr": 0.00026260525391993023, "seconds_per_step": 0.04484299659729004, "render_loss": null, "render_rgb": null, "render_edge": null, "render_chroma": null, "render_structure": null}
{"step": 6600, "loss": 1.082957822084427, "feature_loss": 1.082957822084427, "render_updates": 0, "gradient_norm": 0.7037935256958008, "lr": 0.00025641964726872524, "seconds_per_step": 0.04501429796218872, "render_loss": null, "render_rgb": null, "render_edge": null, "render_chroma": null, "render_structure": null}
{"step": 6700, "loss": 1.0748051398992537, "feature_loss": 1.0748051398992537, "render_updates": 0, "gradient_norm": 0.4273584485054016, "lr": 0.0002502481502763322, "seconds_per_step": 0.04455461740493774, "render_loss": null, "render_rgb": null, "render_edge": null, "render_chroma": null, "render_structure": null}
{"step": 6800, "loss": 1.0678107059001922, "feature_loss": 1.0678107059001922, "render_updates": 0, "gradient_norm": 0.37374022603034973, "lr": 0.00024409544949085816, "seconds_per_step": 0.04468761682510376, "render_loss": null, "render_rgb": null, "render_edge": null, "render_chroma": null, "render_structure": null}
{"step": 6900, "loss": 1.0648106956481933, "feature_loss": 1.0648106956481933, "render_updates": 0, "gradient_norm": 0.8718658685684204, "lr": 0.00023796621718683486, "seconds_per_step": 0.044981865882873534, "render_loss": null, "render_rgb": null, "render_edge": null, "render_chroma": null, "render_structure": null}
{"step": 7000, "loss": 1.0608056718111039, "feature_loss": 1.0608056718111039, "render_updates": 0, "gradient_norm": 0.48603951930999756, "lr": 0.00023186510781715892, "seconds_per_step": 0.04470420837402344, "render_loss": null, "render_rgb": null, "render_edge": null, "render_chroma": null, "render_structure": null}
{"step": 7100, "loss": 1.0585718089342118, "feature_loss": 1.0585718089342118, "render_updates": 0, "gradient_norm": 0.3277287781238556, "lr": 0.00022579675447856546, "seconds_per_step": 0.04498963594436645, "render_loss": null, "render_rgb": null, "render_edge": null, "render_chroma": null, "render_structure": null}
{"step": 7200, "loss": 1.0706967800855636, "feature_loss": 1.0706967800855636, "render_updates": 0, "gradient_norm": 0.407447874546051, "lr": 0.00021976576539332022, "seconds_per_step": 0.0452705717086792, "render_loss": null, "render_rgb": null, "render_edge": null, "render_chroma": null, "render_structure": null}
{"step": 7300, "loss": 1.0566621524095536, "feature_loss": 1.0566621524095536, "render_updates": 0, "gradient_norm": 0.35507991909980774, "lr": 0.00021377672040979957, "seconds_per_step": 0.04466482877731323, "render_loss": null, "render_rgb": null, "render_edge": null, "render_chroma": null, "render_structure": null}
{"step": 7400, "loss": 1.0579112625122071, "feature_loss": 1.0579112625122071, "render_updates": 0, "gradient_norm": 0.6324246525764465, "lr": 0.0002078341675246188, "seconds_per_step": 0.04489977836608887, "render_loss": null, "render_rgb": null, "render_edge": null, "render_chroma": null, "render_structure": null}
{"step": 7500, "loss": 1.0688970786333085, "feature_loss": 1.0688970786333085, "render_updates": 0, "gradient_norm": 0.9918934106826782, "lr": 0.00020194261942894627, "seconds_per_step": 0.044636790752410886, "render_loss": null, "render_rgb": null, "render_edge": null, "render_chroma": null, "render_structure": null}
{"step": 7600, "loss": 1.0694841480255126, "feature_loss": 1.0694841480255126, "render_updates": 0, "gradient_norm": 0.3130911588668823, "lr": 0.00019610655008163032, "seconds_per_step": 0.045023272037506105, "render_loss": null, "render_rgb": null, "render_edge": null, "render_chroma": null, "render_structure": null}
{"step": 7700, "loss": 1.0495568335056304, "feature_loss": 1.0495568335056304, "render_updates": 0, "gradient_norm": 0.3488120436668396, "lr": 0.000190330391311737, "seconds_per_step": 0.044782426357269284, "render_loss": null, "render_rgb": null, "render_edge": null, "render_chroma": null, "render_structure": null}
{"step": 7800, "loss": 1.0416323429346084, "feature_loss": 1.0416323429346084, "render_updates": 0, "gradient_norm": 0.22984226047992706, "lr": 0.00018461852945308194, "seconds_per_step": 0.04486738204956055, "render_loss": null, "render_rgb": null, "render_edge": null, "render_chroma": null, "render_structure": null}
{"step": 7900, "loss": 1.0470827150344848, "feature_loss": 1.0470827150344848, "render_updates": 0, "gradient_norm": 0.6704483032226562, "lr": 0.0001789753020133092, "seconds_per_step": 0.044673020839691165, "render_loss": null, "render_rgb": null, "render_edge": null, "render_chroma": null, "render_structure": null}
{"step": 8000, "loss": 1.0531168550252914, "feature_loss": 1.0531168550252914, "render_updates": 0, "gradient_norm": 0.45397692918777466, "lr": 0.00017340499438004995, "seconds_per_step": 0.044947023391723635, "render_loss": null, "render_rgb": null, "render_edge": null, "render_chroma": null, "render_structure": null}
{"step": 8000, "evaluation": {"validation_views": 16, "full_context": {"correct": 1.2208584323525429, "shuffled": 1.2231509685516357, "null": 1.2213969454169273}, "text_only": {"correct": 1.2334739863872528, "shuffled": 1.2359069809317589, "null": 1.2341492399573326}}}
{"step": 8100, "loss": 1.0507531547546387, "feature_loss": 1.0507531547546387, "render_updates": 0, "gradient_norm": 0.29793643951416016, "lr": 0.00016791183656665845, "seconds_per_step": 0.07300714492797851, "render_loss": null, "render_rgb": null, "render_edge": null, "render_chroma": null, "render_structure": null}
{"step": 8200, "loss": 1.0577508372068405, "feature_loss": 1.0577508372068405, "render_updates": 0, "gradient_norm": 0.33789968490600586, "lr": 0.00016250000000000007, "seconds_per_step": 0.044980385303497315, "render_loss": null, "render_rgb": null, "render_edge": null, "render_chroma": null, "render_structure": null}
{"step": 8300, "loss": 1.0535482984781266, "feature_loss": 1.0535482984781266, "render_updates": 0, "gradient_norm": 0.27341428399086, "lr": 0.0001571735943527275, "seconds_per_step": 0.04464079856872558, "render_loss": null, "render_rgb": null, "render_edge": null, "render_chroma": null, "render_structure": null}
{"step": 8400, "loss": 1.049962637424469, "feature_loss": 1.049962637424469, "render_updates": 0, "gradient_norm": 0.23465599119663239, "lr": 0.00015193666442245402, "seconds_per_step": 0.044719057083129884, "render_loss": null, "render_rgb": null, "render_edge": null, "render_chroma": null, "render_structure": null}
{"step": 8500, "loss": 1.0478603911399842, "feature_loss": 1.0478603911399842, "render_updates": 0, "gradient_norm": 0.39456143975257874, "lr": 0.00014679318706019013, "seconds_per_step": 0.044743907451629636, "render_loss": null, "render_rgb": null, "render_edge": null, "render_chroma": null, "render_structure": null}
{"step": 8600, "loss": 1.0377161300182343, "feature_loss": 1.0377161300182343, "render_updates": 0, "gradient_norm": 0.251050740480423, "lr": 0.00014174706815037953, "seconds_per_step": 0.04493315696716309, "render_loss": null, "render_rgb": null, "render_edge": null, "render_chroma": null, "render_structure": null}
{"step": 8700, "loss": 1.059064001441002, "feature_loss": 1.059064001441002, "render_updates": 0, "gradient_norm": 0.46787360310554504, "lr": 0.00013680213964482475, "seconds_per_step": 0.04467293977737427, "render_loss": null, "render_rgb": null, "render_edge": null, "render_chroma": null, "render_structure": null}
{"step": 8800, "loss": 1.055591614842415, "feature_loss": 1.055591614842415, "render_updates": 0, "gradient_norm": 0.3857361972332001, "lr": 0.00013196215665275723, "seconds_per_step": 0.04467900276184082, "render_loss": null, "render_rgb": null, "render_edge": null, "render_chroma": null, "render_structure": null}
{"step": 8900, "loss": 1.0321027910709382, "feature_loss": 1.0321027910709382, "render_updates": 0, "gradient_norm": 0.2171916365623474, "lr": 0.0001272307945892598, "seconds_per_step": 0.04496051788330078, "render_loss": null, "render_rgb": null, "render_edge": null, "render_chroma": null, "render_structure": null}
{"step": 9000, "loss": 1.057199058532715, "feature_loss": 1.057199058532715, "render_updates": 0, "gradient_norm": 0.28767701983451843, "lr": 0.00012261164638420832, "seconds_per_step": 0.04481222629547119, "render_loss": null, "render_rgb": null, "render_edge": null, "render_chroma": null, "render_structure": null}
{"step": 9100, "loss": 1.0435849928855896, "feature_loss": 1.0435849928855896, "render_updates": 0, "gradient_norm": 0.2763941287994385, "lr": 0.00011810821975385104, "seconds_per_step": 0.04474134683609009, "render_loss": null, "render_rgb": null, "render_edge": null, "render_chroma": null, "render_structure": null}
{"step": 9200, "loss": 1.03548104763031, "feature_loss": 1.03548104763031, "render_updates": 0, "gradient_norm": 0.22656840085983276, "lr": 0.0001137239345370985, "seconds_per_step": 0.04473172187805176, "render_loss": null, "render_rgb": null, "render_edge": null, "render_chroma": null, "render_structure": null}
{"step": 9300, "loss": 1.0363873904943466, "feature_loss": 1.0363873904943466, "render_updates": 0, "gradient_norm": 0.35880541801452637, "lr": 0.0001094621200985454, "seconds_per_step": 0.044789831638336185, "render_loss": null, "render_rgb": null, "render_edge": null, "render_chroma": null, "render_structure": null}
{"step": 9400, "loss": 1.0350162321329117, "feature_loss": 1.0350162321329117, "render_updates": 0, "gradient_norm": 0.3773004114627838, "lr": 0.00010532601280019838, "seconds_per_step": 0.045048654079437256, "render_loss": null, "render_rgb": null, "render_edge": null, "render_chroma": null, "render_structure": null}
{"step": 9500, "loss": 1.0368331307172776, "feature_loss": 1.0368331307172776, "render_updates": 0, "gradient_norm": 0.38859015703201294, "lr": 0.00010131875354382781, "seconds_per_step": 0.04475458145141602, "render_loss": null, "render_rgb": null, "render_edge": null, "render_chroma": null, "render_structure": null}
{"step": 9600, "loss": 1.0487632310390473, "feature_loss": 1.0487632310390473, "render_updates": 0, "gradient_norm": 0.3707946836948395, "lr": 9.744338538581147e-05, "seconds_per_step": 0.04496071815490723, "render_loss": null, "render_rgb": null, "render_edge": null, "render_chroma": null, "render_structure": null}
{"step": 9700, "loss": 1.021669579744339, "feature_loss": 1.021669579744339, "render_updates": 0, "gradient_norm": 0.31277385354042053, "lr": 9.370285122627991e-05, "seconds_per_step": 0.04463922500610352, "render_loss": null, "render_rgb": null, "render_edge": null, "render_chroma": null, "render_structure": null}
{"step": 9800, "loss": 1.0172950941324235, "feature_loss": 1.0172950941324235, "render_updates": 0, "gradient_norm": 0.17242704331874847, "lr": 9.009999157431986e-05, "seconds_per_step": 0.04484370470046997, "render_loss": null, "render_rgb": null, "render_edge": null, "render_chroma": null, "render_structure": null}
{"step": 9900, "loss": 1.0493187832832336, "feature_loss": 1.0493187832832336, "render_updates": 0, "gradient_norm": 0.2200157195329666, "lr": 8.663754239093108e-05, "seconds_per_step": 0.04459309339523315, "render_loss": null, "render_rgb": null, "render_edge": null, "render_chroma": null, "render_structure": null}
{"step": 10000, "loss": 1.051051145195961, "feature_loss": 1.051051145195961, "render_updates": 0, "gradient_norm": 0.36094215512275696, "lr": 8.331813301137644e-05, "seconds_per_step": 0.04492958307266235, "render_loss": null, "render_rgb": null, "render_edge": null, "render_chroma": null, "render_structure": null}
{"step": 10000, "evaluation": {"validation_views": 16, "full_context": {"correct": 1.2133963480591774, "shuffled": 1.2149056494235992, "null": 1.2140279933810234}, "text_only": {"correct": 1.2267683669924736, "shuffled": 1.228290781378746, "null": 1.227635271847248}}}
{"step": 10100, "loss": 1.028478113412857, "feature_loss": 1.028478113412857, "render_updates": 0, "gradient_norm": 0.40024521946907043, "lr": 8.014428414850129e-05, "seconds_per_step": 0.07319740772247314, "render_loss": null, "render_rgb": null, "render_edge": null, "render_chroma": null, "render_structure": null}
{"step": 10200, "loss": 1.0480437242984773, "feature_loss": 1.0480437242984773, "render_updates": 0, "gradient_norm": 0.20371580123901367, "lr": 7.711840597853999e-05, "seconds_per_step": 0.044988439083099366, "render_loss": null, "render_rgb": null, "render_edge": null, "render_chroma": null, "render_structure": null}
{"step": 10300, "loss": 1.033753427863121, "feature_loss": 1.033753427863121, "render_updates": 0, "gradient_norm": 0.19304727017879486, "lr": 7.424279631086135e-05, "seconds_per_step": 0.044630970954895016, "render_loss": null, "render_rgb": null, "render_edge": null, "render_chroma": null, "render_structure": null}
{"step": 10400, "loss": 1.0143000954389572, "feature_loss": 1.0143000954389572, "render_updates": 0, "gradient_norm": 0.1854286789894104, "lr": 7.151963884304508e-05, "seconds_per_step": 0.04471930742263794, "render_loss": null, "render_rgb": null, "render_edge": null, "render_chroma": null, "render_structure": null}
{"step": 10500, "loss": 1.027900049686432, "feature_loss": 1.027900049686432, "render_updates": 0, "gradient_norm": 0.3722125291824341, "lr": 6.895100150261207e-05, "seconds_per_step": 0.044589357376098634, "render_loss": null, "render_rgb": null, "render_edge": null, "render_chroma": null, "render_structure": null}
{"step": 10600, "loss": 1.0349837386608123, "feature_loss": 1.0349837386608123, "render_updates": 0, "gradient_norm": 0.5077536702156067, "lr": 6.653883487666961e-05, "seconds_per_step": 0.044942448139190676, "render_loss": null, "render_rgb": null, "render_edge": null, "render_chroma": null, "render_structure": null}
{"step": 10700, "loss": 1.0268804734945298, "feature_loss": 1.0268804734945298, "render_updates": 0, "gradient_norm": 0.24252356588840485, "lr": 6.42849707306627e-05, "seconds_per_step": 0.044537975788116455, "render_loss": null, "render_rgb": null, "render_edge": null, "render_chroma": null, "render_structure": null}
{"step": 10800, "loss": 1.0248580944538117, "feature_loss": 1.0248580944538117, "render_updates": 0, "gradient_norm": 0.22032074630260468, "lr": 6.219112061735721e-05, "seconds_per_step": 0.04470271110534668, "render_loss": null, "render_rgb": null, "render_edge": null, "render_chroma": null, "render_structure": null}
{"step": 10900, "loss": 1.0399126690626144, "feature_loss": 1.0399126690626144, "render_updates": 0, "gradient_norm": 0.2181011587381363, "lr": 6.025887457711082e-05, "seconds_per_step": 0.0446509313583374, "render_loss": null, "render_rgb": null, "render_edge": null, "render_chroma": null, "render_structure": null}
{"step": 11000, "loss": 1.0479048961400985, "feature_loss": 1.0479048961400985, "render_updates": 0, "gradient_norm": 0.20546922087669373, "lr": 5.848969993041866e-05, "seconds_per_step": 0.04477541446685791, "render_loss": null, "render_rgb": null, "render_edge": null, "render_chroma": null, "render_structure": null}
{"step": 11100, "loss": 1.0390298521518708, "feature_loss": 1.0390298521518708, "render_updates": 0, "gradient_norm": 0.23189616203308105, "lr": 5.688494016365067e-05, "seconds_per_step": 0.0446256685256958, "render_loss": null, "render_rgb": null, "render_edge": null, "render_chroma": null, "render_structure": null}
{"step": 11200, "loss": 1.0338250988721847, "feature_loss": 1.0338250988721847, "render_updates": 0, "gradient_norm": 0.4020591676235199, "lr": 5.544581390882699e-05, "seconds_per_step": 0.04476661682128906, "render_loss": null, "render_rgb": null, "render_edge": null, "render_chroma": null, "render_structure": null}
{"step": 11300, "loss": 1.027020833492279, "feature_loss": 1.027020833492279, "render_updates": 0, "gradient_norm": 0.6991245746612549, "lr": 5.417341401820598e-05, "seconds_per_step": 0.04489464998245239, "render_loss": null, "render_rgb": null, "render_edge": null, "render_chroma": null, "render_structure": null}
{"step": 11400, "loss": 1.0252764689922333, "feature_loss": 1.0252764689922333, "render_updates": 0, "gradient_norm": 0.22249984741210938, "lr": 5.3068706734387484e-05, "seconds_per_step": 0.044767282009124755, "render_loss": null, "render_rgb": null, "render_edge": null, "render_chroma": null, "render_structure": null}
{"step": 11500, "loss": 1.0459215486049651, "feature_loss": 1.0459215486049651, "render_updates": 0, "gradient_norm": 0.23327501118183136, "lr": 5.213253095656177e-05, "seconds_per_step": 0.04475022792816162, "render_loss": null, "render_rgb": null, "render_edge": null, "render_chroma": null, "render_structure": null}
{"step": 11600, "loss": 1.0361207473278045, "feature_loss": 1.0361207473278045, "render_updates": 0, "gradient_norm": 0.4499487578868866, "lr": 5.136559760346137e-05, "seconds_per_step": 0.044919273853302, "render_loss": null, "render_rgb": null, "render_edge": null, "render_chroma": null, "render_structure": null}
{"step": 11700, "loss": 1.0413495790958405, "feature_loss": 1.0413495790958405, "render_updates": 0, "gradient_norm": 0.22688500583171844, "lr": 5.076848907349929e-05, "seconds_per_step": 0.04460610151290893, "render_loss": null, "render_rgb": null, "render_edge": null, "render_chroma": null, "render_structure": null}
{"step": 11800, "loss": 1.0258792865276336, "feature_loss": 1.0258792865276336, "render_updates": 0, "gradient_norm": 0.253325879573822, "lr": 5.034165880250387e-05, "seconds_per_step": 0.04482008934020996, "render_loss": null, "render_rgb": null, "render_edge": null, "render_chroma": null, "render_structure": null}
{"step": 11900, "loss": 1.0312124794721604, "feature_loss": 1.0312124794721604, "render_updates": 0, "gradient_norm": 0.16523098945617676, "lr": 5.0085430919385934e-05, "seconds_per_step": 0.04455263137817383, "render_loss": null, "render_rgb": null, "render_edge": null, "render_chroma": null, "render_structure": null}
{"step": 12000, "loss": 1.0265728259086608, "feature_loss": 1.0265728259086608, "render_updates": 0, "gradient_norm": 0.19531430304050446, "lr": 5e-05, "seconds_per_step": 0.044898877143859865, "render_loss": null, "render_rgb": null, "render_edge": null, "render_chroma": null, "render_structure": null}
{"step": 12000, "evaluation": {"validation_views": 16, "full_context": {"correct": 1.2060806080698967, "shuffled": 1.2080187425017357, "null": 1.2070144414901733}, "text_only": {"correct": 1.2186382785439491, "shuffled": 1.2206243723630905, "null": 1.2198861166834831}}}
{
  "steps": 12000,
  "seconds": 553.756756067276,
  "train_views": 48,
  "latest_evaluation": {
    "validation_views": 16,
    "full_context": {
      "correct": 1.2060806080698967,
      "shuffled": 1.2080187425017357,
      "null": 1.2070144414901733
    },
    "text_only": {
      "correct": 1.2186382785439491,
      "shuffled": 1.2206243723630905,
      "null": 1.2198861166834831
    }
  }
}
